Unresolved S/A (file: 001)
Unresolved S/A (file: 001)
Unresolved S/A (file: 001)
Unresolved S/A (file: 001)
Unresolved S/A (file: 001)
Unresolved S/A (file: 001)
Unresolved S/A (file: 001)
Unresolved S/A (file: 001)
Unresolved S/A (file: 001)
Unresolved S/A (file: 001)
Unresolved S/A (file: 001)
Unresolved S/A (file: 001)
Unresolved S/A (file: 001)
Unresolved S/A (file: 001)
Unresolved S/A (file: 001)
Unresolved S/A (file: 001)
Unresolved S/A (file: 001)
Unresolved S/A (file: 001)
Unresolved S/A (file: 001)
Unresolved S/A (file: 001)
Unresolved S/A (file: 001)
Unresolved S/A (file: 001)
Unresolved S/A (file: 001)
Unresolved S/A (file: 001)
Unresolved S/A (file: 001)
Unresolved S/A (file: 001)
Unresolved S/A (file: 001)
Unresolved S/A (file: 001)
Unresolved S/A (file: 001)
Unresolved S/A (file: 001)
Unresolved S/A (file: 001)
Unresolved S/A (file: 001)
Unresolved S/A (file: 001)
Unresolved S/A (file: 001)
Unresolved S/A (file: 001)
Unresolved S/A (file: 001)
Unresolved S/A (file: 001)
Unresolved S/A (file: 001)
Unresolved S/A (file: 001)
Unresolved S/A (file: 001)
Unresolved S/A (file: 001)
Unresolved S/A (file: 001)
Unresolved S/A (file: 001)
Unresolved S/A (file: 001)
Unresolved S/A (file: 001)
Unresolved S/A (file: 001)
Unresolved S/A (file: 001)
Unresolved S/A (file: 001)
Unresolved S/A (file: 001)
Unresolved S/A (file: 001)
Unresolved S/A (file: 001)
Unresolved S/A (file: 001)
Unresolved S/A (file: 001)
Unresolved S/A (file: 001)
Unresolved S/A (file: 001)
Unresolved S/A (file: 001)
Unresolved S/A (file: 001)
Unresolved S/A (file: 001)
Unresolved S/A (file: 001)
Unresolved S/A (file: 001)
Unresolved S/A (file: 001)
Unresolved S/A (file: 001)
Unresolved S/A (file: 001)
Unresolved S/A (file: 001)
Unresolved S/A (file: 001)
Unresolved S/A (file: 001)
Unresolved S/A (file: 001)
Unresolved S/A (file: 001)
Unresolved S/A (file: 001)
Unresolved S/A (file: 001)
Unresolved S/A (file: 001)
Unresolved S/A (file: 001)
Unresolved S/A (file: 001)
Unresolved S/A (file: 001)
Unresolved S/A (file: 001)
Unresolved S/A (file: 001)
Unresolved S/A (file: 001)
Unresolved S/A (file: 001)
Unresolved S/A (file: 001)
Unresolved S/A (file: 001)
Unresolved S/A (file: 001)
Unresolved S/A (file: 001)
Unresolved S/A (file: 001)
Unresolved S/A (file: 001)
Unresolved S/A (file: 001)
Unresolved S/A (file: 001)
Unresolved S/A (file: 001)
Unresolved S/A (file: 001)
Unresolved S/A (file: 001)
Unresolved S/A (file: 001)
Unresolved S/A (file: 001)
Unresolved S/A (file: 001)
Unresolved S/A (file: 001)
Unresolved S/A (file: 001)
Unresolved S/A (file: 001)
Unresolved S/A (file: 001)
Unresolved S/A (file: 001)
Unresolved S/A (file: 001)
Unresolved S/A (file: 001)
Unresolved S/A (file: 001)
Unresolved S/A (file: 001)
Unresolved S/A (file: 001)
Unresolved S/A (file: 001)
Unresolved S/A (file: 001)
Unresolved S/A (file: 001)
Unresolved S/A (file: 001)
Unresolved S/A (file: 001)
Unresolved S/A (file: 001)
Unresolved S/A (file: 001)
Unresolved S/A (file: 001)
Unresolved S/A (file: 001)
Unresolved S/A (file: 001)
Unresolved S/A (file: 001)
Unresolved S/A (file: 001)
Unresolved S/A (file: 001)
Unresolved S/A (file: 001)
Unresolved S/A (file: 001)
Unresolved S/A (file: 001)
Unresolved S/A (file: 001)
Unresolved S/A (file: 001)
Unresolved S/A (file: 001)
Unresolved S/A (file: 001)
Unresolved S/A (file: 001)
Unresolved S/A (file: 001)
Unresolved S/A (file: 001)
Unresolved S/A (file: 001)
Unresolved S/A (file: 001)
Unresolved S/A (file: 001)
Unresolved S/A (file: 001)
Unresolved S/A (file: 001)
Unresolved S/A (file: 001)
Unresolved S/A (file: 001)
Unresolved S/A (file: 001)
Unresolved S/A (file: 001)
Unresolved S/A (file: 001)
Unresolved S/A (file: 001)
Unresolved S/A (file: 001)
Unresolved S/A (file: 001)
Unresolved S/A (file: 001)
Unresolved S/A (file: 001)
Unresolved S/A (file: 001)
Unresolved S/A (file: 001)
Unresolved S/A (file: 001)
Unresolved S/A (file: 001)
Unresolved S/A (file: 001)
Unresolved S/A (file: 001)
Unresolved S/A (file: 001)
Unresolved S/A (file: 001)
Unresolved S/A (file: 001)
Unresolved S/A (file: 001)
Unresolved S/A (file: 001)
Unresolved S/A (file: 001)
Unresolved S/A (file: 001)
Unresolved S/A (file: 001)
Unresolved S/A (file: 001)
Unresolved S/A (file: 001)
Unresolved S/A (file: 001)
Unresolved S/A (file: 001)
Unresolved S/A (file: 001)
Unresolved S/A (file: 001)
Unresolved S/A (file: 001)
Unresolved S/A (file: 001)
Unresolved S/A (file: 001)
Unresolved S/A (file: 001)
Unresolved S/A (file: 001)
Unresolved S/A (file: 001)
Unresolved S/A (file: 001)
Unresolved S/A (file: 001)
Unresolved S/A (file: 001)
Unresolved S/A (file: 001)
Unresolved S/A (file: 001)

Numbers in hex, except target file #

ID    FileOffs  1stptr    Lastptr   Tgt  Parent
0000  0000034B  0000394E  00048D15  001  FFFFFFFF

